Meier, Rohan. 02/17/12 11:15
"220 Burns St"	"Milton"	"Wyoming"	"20057"
(WORK)1-781-990-9802
rohan.meier@gmail.com
my brother|
Meier, Sachin. 11/01/09 10:00
"51 Avalon Rd"	"Boston"	"Mass"	"02186"
(HOME)1-617-785-9800
sachin.meier@gmail.com
x|
Meier, Sachin. 12/01/09 10:00
"51 Avalon Rd"	"Boston"	"Mass"	"02186"
(HOME)1-617-785-9800
sachin.meier@gmail.com
x|
Meier, Sachin. 01/01/09 10:00
"51 Avalon Rd"	"Boston"	"Mass"	"02186"
(HOME)1-617-785-9800
sachin.meier@gmail.com
x|